C:\Users\Minh\Documents\NetBeansProjects\temp\OnlineSoftSkillsLearningSystem\src\main\java\view\DBContext.java
C:\Users\Minh\Documents\NetBeansProjects\temp\OnlineSoftSkillsLearningSystem\src\main\java\model\Slider.java
C:\Users\Minh\Documents\NetBeansProjects\temp\OnlineSoftSkillsLearningSystem\src\main\java\model\UserContact.java
C:\Users\Minh\Documents\NetBeansProjects\temp\OnlineSoftSkillsLearningSystem\src\main\java\view\PostDAO.java
C:\Users\Minh\Documents\NetBeansProjects\temp\OnlineSoftSkillsLearningSystem\src\main\java\model\Category.java
C:\Users\Minh\Documents\NetBeansProjects\temp\OnlineSoftSkillsLearningSystem\src\main\java\controller\LoginFilter.java
C:\Users\Minh\Documents\NetBeansProjects\temp\OnlineSoftSkillsLearningSystem\src\main\java\model\Question.java
C:\Users\Minh\Documents\NetBeansProjects\temp\OnlineSoftSkillsLearningSystem\src\main\java\controller\registerBean.java
C:\Users\Minh\Documents\NetBeansProjects\temp\OnlineSoftSkillsLearningSystem\src\main\java\model\BlogPost.java
C:\Users\Minh\Documents\NetBeansProjects\temp\OnlineSoftSkillsLearningSystem\src\main\java\model\Registration.java
C:\Users\Minh\Documents\NetBeansProjects\temp\OnlineSoftSkillsLearningSystem\src\main\java\model\Setting.java
C:\Users\Minh\Documents\NetBeansProjects\temp\OnlineSoftSkillsLearningSystem\src\main\java\model\Tag.java
C:\Users\Minh\Documents\NetBeansProjects\temp\OnlineSoftSkillsLearningSystem\src\main\java\view\UserCourseDAO.java
C:\Users\Minh\Documents\NetBeansProjects\temp\OnlineSoftSkillsLearningSystem\src\main\java\model\CourseTranslation.java
C:\Users\Minh\Documents\NetBeansProjects\temp\OnlineSoftSkillsLearningSystem\src\main\java\model\User.java
C:\Users\Minh\Documents\NetBeansProjects\temp\OnlineSoftSkillsLearningSystem\src\main\java\controller\LoginController.java
C:\Users\Minh\Documents\NetBeansProjects\temp\OnlineSoftSkillsLearningSystem\src\main\java\view\RegistrationDAO.java
C:\Users\Minh\Documents\NetBeansProjects\temp\OnlineSoftSkillsLearningSystem\src\main\java\controller\ActivateAccount.java
C:\Users\Minh\Documents\NetBeansProjects\temp\OnlineSoftSkillsLearningSystem\src\main\java\view\BlogPostTagDAO.java
C:\Users\Minh\Documents\NetBeansProjects\temp\OnlineSoftSkillsLearningSystem\src\main\java\view\AnswerOptionDAO.java
C:\Users\Minh\Documents\NetBeansProjects\temp\OnlineSoftSkillsLearningSystem\src\main\java\view\SettingDAO.java
C:\Users\Minh\Documents\NetBeansProjects\temp\OnlineSoftSkillsLearningSystem\src\main\java\view\TagDAO.java
C:\Users\Minh\Documents\NetBeansProjects\temp\OnlineSoftSkillsLearningSystem\src\main\java\view\UserContactDAO.java
C:\Users\Minh\Documents\NetBeansProjects\temp\OnlineSoftSkillsLearningSystem\src\main\java\view\BlogPostDAO.java
C:\Users\Minh\Documents\NetBeansProjects\temp\OnlineSoftSkillsLearningSystem\src\main\java\view\CategoryDAO.java
C:\Users\Minh\Documents\NetBeansProjects\temp\OnlineSoftSkillsLearningSystem\src\main\java\view\SliderDAO.java
C:\Users\Minh\Documents\NetBeansProjects\temp\OnlineSoftSkillsLearningSystem\src\main\java\controller\GuestFilter.java
C:\Users\Minh\Documents\NetBeansProjects\temp\OnlineSoftSkillsLearningSystem\src\main\java\view\QuestionDAO.java
C:\Users\Minh\Documents\NetBeansProjects\temp\OnlineSoftSkillsLearningSystem\src\main\java\model\QuizQuestion.java
C:\Users\Minh\Documents\NetBeansProjects\temp\OnlineSoftSkillsLearningSystem\src\main\java\view\ActivityLogDAO.java
C:\Users\Minh\Documents\NetBeansProjects\temp\OnlineSoftSkillsLearningSystem\src\main\java\model\AnswerOption.java
C:\Users\Minh\Documents\NetBeansProjects\temp\OnlineSoftSkillsLearningSystem\src\main\java\view\CourseTranslationDAO.java
C:\Users\Minh\Documents\NetBeansProjects\temp\OnlineSoftSkillsLearningSystem\src\main\java\view\UserDAO.java
C:\Users\Minh\Documents\NetBeansProjects\temp\OnlineSoftSkillsLearningSystem\src\main\java\controller\RegisterController.java
C:\Users\Minh\Documents\NetBeansProjects\temp\OnlineSoftSkillsLearningSystem\src\main\java\model\ActivityLog.java
C:\Users\Minh\Documents\NetBeansProjects\temp\OnlineSoftSkillsLearningSystem\src\main\java\controller\SendingEmail.java
C:\Users\Minh\Documents\NetBeansProjects\temp\OnlineSoftSkillsLearningSystem\src\main\java\model\Post.java
C:\Users\Minh\Documents\NetBeansProjects\temp\OnlineSoftSkillsLearningSystem\src\main\java\model\Quiz.java
C:\Users\Minh\Documents\NetBeansProjects\temp\OnlineSoftSkillsLearningSystem\src\main\java\view\CourseDAO.java
C:\Users\Minh\Documents\NetBeansProjects\temp\OnlineSoftSkillsLearningSystem\src\main\java\model\LoginHistory.java
C:\Users\Minh\Documents\NetBeansProjects\temp\OnlineSoftSkillsLearningSystem\src\main\java\view\LoginHistoryDAO.java
C:\Users\Minh\Documents\NetBeansProjects\temp\OnlineSoftSkillsLearningSystem\src\main\java\model\Course.java
C:\Users\Minh\Documents\NetBeansProjects\temp\OnlineSoftSkillsLearningSystem\src\main\java\model\BlogPostTag.java
C:\Users\Minh\Documents\NetBeansProjects\temp\OnlineSoftSkillsLearningSystem\src\main\java\controller\updateProfile.java
C:\Users\Minh\Documents\NetBeansProjects\temp\OnlineSoftSkillsLearningSystem\src\main\java\view\QuizQuestionDAO.java
C:\Users\Minh\Documents\NetBeansProjects\temp\OnlineSoftSkillsLearningSystem\src\main\java\model\UserCourse.java
